<?xml version="1.0" encoding="utf-8"?><testsuites name="pytest tests"><testsuite name="pytest" errors="0" failures="0" skipped="0" tests="12" time="0.292" timestamp="2026-04-07T12:18:44.321743+08:00" hostname="192.168.1.106"><testcase classname="tests.integration.scenarios.test_scenario_1_complete_flow.TestCompleteTaskFlow" name="test_task_decomposition_and_execution" time="0.225" /><testcase classname="tests.integration.scenarios.test_scenario_1_complete_flow.TestCompleteTaskFlow" name="test_context_injection_and_retrieval" time="0.001" /><testcase classname="tests.integration.scenarios.test_scenario_1_complete_flow.TestCompleteTaskFlow" name="test_multi_agent_collaboration" time="0.005" /><testcase classname="tests.integration.scenarios.test_scenario_1_complete_flow.TestCompleteTaskFlow" name="test_task_completion_validation" time="0.009" /><testcase classname="tests.integration.scenarios.test_scenario_2_experience_learning.TestExperienceLibraryLearning" name="test_experience_accumulation" time="0.001" /><testcase classname="tests.integration.scenarios.test_scenario_2_experience_learning.TestExperienceLibraryLearning" name="test_experience_weight_calculation" time="0.000" /><testcase classname="tests.integration.scenarios.test_scenario_2_experience_learning.TestExperienceLibraryLearning" name="test_experience_retrieval_priority" time="0.002" /><testcase classname="tests.integration.scenarios.test_scenario_2_experience_learning.TestExperienceLibraryLearning" name="test_experience_conflict_detection" time="0.003" /><testcase classname="tests.integration.scenarios.test_scenario_2_experience_learning.TestExperienceLibraryLearning" name="test_experience_forgetting_mechanism" time="0.002" /><testcase classname="tests.integration.scenarios.test_scenario_3_4_5.TestMultiTaskConcurrentManagement" name="test_task_priority_scheduling" time="0.001" /><testcase classname="tests.integration.scenarios.test_scenario_3_4_5.TestErrorHandlingRecovery" name="test_auto_retry_mechanism" time="0.000" /><testcase classname="tests.integration.scenarios.test_scenario_3_4_5.TestBreakpointRecovery" name="test_checkpoint_save_load" time="0.001" /></testsuite></testsuites>